main.c:158:20:PS2_Delay_Cycles	0	static
main.c:248:13:AMIGA_Write_Quadrature	8	static
main.c:286:13:AMIGA_Set_Buttons	0	static
main.c:169:20:PS2_Clock_Bit	8	static
main.c:334:13:AMIGA_Service_Axis.constprop	24	static
main.c:177:6:PS2_Write_Byte	32	static,ignoring_inline_asm
main.c:211:6:PS2_Send_Packet	16	static
main.c:376:6:USBH_HID_EventCallback	24	static,ignoring_inline_asm
main.c:403:6:HAL_TIM_PeriodElapsedCallback	24	static
main.c:448:6:SystemClock_Config	88	static,ignoring_inline_asm
main.c:105:5:main	56	static,ignoring_inline_asm
main.c:537:6:Error_Handler	0	static,ignoring_inline_asm
